abiword
abs
ack
alsa-oss
alsaplayer
alsa-plugins
alsa-utils
artwiz-fonts
aspell
aspell-en
atop
bash
bash-completion
bzip2
bzr
ca-certificates
calibre
ccrypt
cdrtools
chromium
clang
cmake
conky
ctags
di
dmenu
dnsutils
dosfstools
e2fsprogs
emacs
erlang
evince
feh
filezilla
findutils
firefox
flac
flashplugin
font-bh-ttf
gcc-multilib
gdb
gimp
git
gksu
gnome-system-monitor
gnumeric
gnu-netcat
gnupg
gparted
gprolog
gpsim
gputils
hdparm
htop
ifplugd
iftop
imagemagick
inetutils
iotop
iproute2
ipython
ipython2
k3b
keychain
libreoffice-base
libreoffice-calc
libreoffice-en-US
libreoffice-gnome
libreoffice-math
libreoffice-writer
liferea
links
lshw
lsof
mcrypt
mencoder
mercurial
mesa
mg
minicom
mono
mplayer
nasm
netcfg
nethack
netselect
net-tools
nmap
ntfs-3g
ntfsprogs
ntp
numlockx
obconf
obmenu
openal
openbox
openjdk6
openssh
openssl
p7zip
parallel
pavucontrol
perl
perl-rename
potrace
pulseaudio
pulseaudio-alsa
pylint
python2-matplotlib
python2-numpy
python2-pyserial
python2-scipy
python2-sqlalchemy
python2-virtualenv
python-pyserial
python-scipy
python-sqlalchemy
python-virtualenv
rsync
samba
sbcl
scala
scrot
sdparm
shadow
sharutils
sloccount
smartmontools
splint
sqlite2
stone-soup
sudo
swftools
tidyhtml
tint2
tix
tk
tmux
ttf-mph-2b-damase
unrar
unzip
vi
vlc
wine
wine_gecko
wireless_tools
wmctrl
wpa_actiond
wpa_supplicant
xbindkeys
xclip
xcompmgr
xdg-utils
xfce4-terminal
xorg-fonts-100dpi
xorg-fonts-75dpi
xorg-fonts-type1
xorg-xev
xorg-xinit
xorg-xkill
xscreensaver
xsensors
zenity
zip
zsnes
