autoconf
autogen
automake
baobab
bison
byacc
bzr
calibre
cmake
cppcheck
crudini
dejavu-fonts
denemo
di
dnsutils
dosfstools
e2fsprogs
notmuch-emacs
erlang
evince
exfat-utils
expect
feh
ffmpeg
filezilla
findutils
firefox
flac
flex
fortune
fuse-exfat
gcc
gcc-c++
gdb
gimp
global
global-ctags
gnumeric
gpg2
gparted
gputils
hdparm
htop
hunspell
iotop
iproute2
java-1.8.0-openjdk
k3b
librecad
libreoffice
links
llvm
llvm-clang
lsof
make
mercurial
minicom
nasm
netcat-openbsd
nethack
nilfs-utils
nmap
notmuch
ntfs-3g
ntfsprogs
ntp
numlockx
python-numpy
python3-numpy
openal-soft
p7zip
pandoc
patch
pinentry
powertop
prboom-plus
pylint
python-pyserial
python3-pyserial
ipython
python-matplotlib
python-pip
python-sqlalchemy
python-virtualenv
python3-ipython
python3-matplotlib
python3-pip
python3-sqlalchemy
rdiff-backup
rpcbind
samba
sbcl
python-scipy
python3-scipy
sdparm
sharutils
smartmontools
socat
splint
sqlite2
subversion
swftools
texinfo
tidy
tix
units
unrar
usbview
vim
vorbis-tools
wine
youtube-dl
zsnes
