autoconf
autogen
automake
ava-1_8_0-openjdk
baobab
bindfs
bison
byacc
bzr
calibre
cdecl
crudini
dejavu-fonts
deluge
denemo
di
dnsutils
dosfstools
duperemove
e2fsprogs
erlang
evince
exfat-utils
expect
feh
ffmpeg
filezilla
findutils
flac
flameshot
flex
fortune
fuse-exfat
fusesmb
gconf2-32bit
gdb
gimp
GraphicsMagick
gnu_ddrescue
gnumeric
gobby
gpg2
gputils
hdparm
htop
hunspell
infinoted
inkscape
iotop
iproute2
k3b
kernel-devel
libXss1-32bit
librecad
libvirt
libvirt-client
libvirt-daemon
links
llvm
llvm-clang
lmms
lsof
make
mercurial
minicom
mumble
nasm
netcat-openbsd
nethack
nilfs-utils
nmap
notmuch
notmuch-emacs
npm
ntfs-3g
ntfsprogs
ntp
numlockx
openal-soft
p7zip
pandoc
patch
pax-utils
pdftk
pinentry
powertop
prboom-plus
pylint
python-IPython
python-SQLAlchemy
python-jupyter_ipython
python-matplotlib
python-numpy
python-pandas
python-pip
python-pyserial
python-scipy
python-virtualenv
python3-IPython
python3-SQLAlchemy
python3-jupyter_ipython
python3-matplotlib
python3-numpy
python3-pandas
python3-pip
python3-pyserial
python3-scipy
qemu
qemu-extras
qemu-kvm
qemu-seabios
rdiff-backup
rpcbind
rsnapshot
samba
sbcl
scrot
sdparm
sharutils
smartmontools
splint
sqlite2
steam
steam-controller
subversion
swftools
testdisk
texinfo
thunar-plugin-shares
tidy-html5
tix
units
unrar
usbview
virt-manager
vorbis-tools
wine
youtube-dl
zsnes
